// Jest Snapshot v1, https://goo.gl/fbAQLP

exports[`Render PortfolioMain Section - number of portfolio card should be 9, and has next page 1`] = `
<section
  class="ikPortfolioMain"
  data-testid="portfolio-main"
>
  <div
    class="ikProjectCard__container fadeIn-enter fadeIn-enter-active"
    data-testid="portfolio-project-card"
  >
    <div
      class="ikProjectCard__heading"
    >
      <div
        class="ikProjectCard__heading__tags"
      />
      <div
        class="ikProjectCard__heading__links"
      >
        <a
          data-testid="project-card-github"
          href="https://github.com"
          rel="noopener noreferrer"
          target="_blank"
        >
          <i
            class="fab fa-github"
          />
        </a>
      </div>
    </div>
    <div
      class="ikProjectCard__title__div"
    >
      <h2
        class="ikProjectCard__title"
        data-testid="project-card-title"
      >
        title1
      </h2>
    </div>
    <div
      class="ikProjectCard__image"
    >
      <img
        alt=""
        data-testid="project-card-image"
        src="images/image.png"
      />
    </div>
    <div
      class="ikProjectCard__excerpt"
      data-testid="project-card-excerpt"
    >
      <p>
        some excerpt
      </p>
    </div>
    <div>
      <button
        class="ikProjectCard__learnMore"
        data-testid="project-card-learn-more"
        id="title1"
      >
         
        Learn more
      </button>
    </div>
  </div>
  <div
    class="ikProjectCard__container fadeIn-enter fadeIn-enter-active"
    data-testid="portfolio-project-card"
  >
    <div
      class="ikProjectCard__heading"
    >
      <div
        class="ikProjectCard__heading__tags"
      />
      <div
        class="ikProjectCard__heading__links"
      >
        <a
          data-testid="project-card-github"
          href="https://github.com"
          rel="noopener noreferrer"
          target="_blank"
        >
          <i
            class="fab fa-github"
          />
        </a>
      </div>
    </div>
    <div
      class="ikProjectCard__title__div"
    >
      <h2
        class="ikProjectCard__title"
        data-testid="project-card-title"
      >
        title2
      </h2>
    </div>
    <div
      class="ikProjectCard__image"
    >
      <img
        alt=""
        data-testid="project-card-image"
        src="images/image.png"
      />
    </div>
    <div
      class="ikProjectCard__excerpt"
      data-testid="project-card-excerpt"
    >
      <p>
        some excerpt
      </p>
    </div>
    <div>
      <button
        class="ikProjectCard__learnMore"
        data-testid="project-card-learn-more"
        id="title2"
      >
         
        Learn more
      </button>
    </div>
  </div>
  <div
    class="ikProjectCard__container fadeIn-enter fadeIn-enter-active"
    data-testid="portfolio-project-card"
  >
    <div
      class="ikProjectCard__heading"
    >
      <div
        class="ikProjectCard__heading__tags"
      />
      <div
        class="ikProjectCard__heading__links"
      >
        <a
          data-testid="project-card-github"
          href="https://github.com"
          rel="noopener noreferrer"
          target="_blank"
        >
          <i
            class="fab fa-github"
          />
        </a>
      </div>
    </div>
    <div
      class="ikProjectCard__title__div"
    >
      <h2
        class="ikProjectCard__title"
        data-testid="project-card-title"
      >
        title3
      </h2>
    </div>
    <div
      class="ikProjectCard__image"
    >
      <img
        alt=""
        data-testid="project-card-image"
        src="images/image.png"
      />
    </div>
    <div
      class="ikProjectCard__excerpt"
      data-testid="project-card-excerpt"
    >
      <p>
        some excerpt
      </p>
    </div>
    <div>
      <button
        class="ikProjectCard__learnMore"
        data-testid="project-card-learn-more"
        id="title3"
      >
         
        Learn more
      </button>
    </div>
  </div>
  <div
    class="ikProjectCard__container fadeIn-enter fadeIn-enter-active"
    data-testid="portfolio-project-card"
  >
    <div
      class="ikProjectCard__heading"
    >
      <div
        class="ikProjectCard__heading__tags"
      />
      <div
        class="ikProjectCard__heading__links"
      >
        <a
          data-testid="project-card-github"
          href="https://github.com"
          rel="noopener noreferrer"
          target="_blank"
        >
          <i
            class="fab fa-github"
          />
        </a>
      </div>
    </div>
    <div
      class="ikProjectCard__title__div"
    >
      <h2
        class="ikProjectCard__title"
        data-testid="project-card-title"
      >
        title4
      </h2>
    </div>
    <div
      class="ikProjectCard__image"
    >
      <img
        alt=""
        data-testid="project-card-image"
        src="images/image.png"
      />
    </div>
    <div
      class="ikProjectCard__excerpt"
      data-testid="project-card-excerpt"
    >
      <p>
        some excerpt
      </p>
    </div>
    <div>
      <button
        class="ikProjectCard__learnMore"
        data-testid="project-card-learn-more"
        id="title4"
      >
         
        Learn more
      </button>
    </div>
  </div>
  <div
    class="ikProjectCard__container fadeIn-enter fadeIn-enter-active"
    data-testid="portfolio-project-card"
  >
    <div
      class="ikProjectCard__heading"
    >
      <div
        class="ikProjectCard__heading__tags"
      />
      <div
        class="ikProjectCard__heading__links"
      >
        <a
          data-testid="project-card-github"
          href="https://github.com"
          rel="noopener noreferrer"
          target="_blank"
        >
          <i
            class="fab fa-github"
          />
        </a>
      </div>
    </div>
    <div
      class="ikProjectCard__title__div"
    >
      <h2
        class="ikProjectCard__title"
        data-testid="project-card-title"
      >
        title5
      </h2>
    </div>
    <div
      class="ikProjectCard__image"
    >
      <img
        alt=""
        data-testid="project-card-image"
        src="images/image.png"
      />
    </div>
    <div
      class="ikProjectCard__excerpt"
      data-testid="project-card-excerpt"
    >
      <p>
        some excerpt
      </p>
    </div>
    <div>
      <button
        class="ikProjectCard__learnMore"
        data-testid="project-card-learn-more"
        id="title5"
      >
         
        Learn more
      </button>
    </div>
  </div>
  <div
    class="ikProjectCard__container fadeIn-enter fadeIn-enter-active"
    data-testid="portfolio-project-card"
  >
    <div
      class="ikProjectCard__heading"
    >
      <div
        class="ikProjectCard__heading__tags"
      />
      <div
        class="ikProjectCard__heading__links"
      >
        <a
          data-testid="project-card-github"
          href="https://github.com"
          rel="noopener noreferrer"
          target="_blank"
        >
          <i
            class="fab fa-github"
          />
        </a>
      </div>
    </div>
    <div
      class="ikProjectCard__title__div"
    >
      <h2
        class="ikProjectCard__title"
        data-testid="project-card-title"
      >
        title6
      </h2>
    </div>
    <div
      class="ikProjectCard__image"
    >
      <img
        alt=""
        data-testid="project-card-image"
        src="images/image.png"
      />
    </div>
    <div
      class="ikProjectCard__excerpt"
      data-testid="project-card-excerpt"
    >
      <p>
        some excerpt
      </p>
    </div>
    <div>
      <button
        class="ikProjectCard__learnMore"
        data-testid="project-card-learn-more"
        id="title6"
      >
         
        Learn more
      </button>
    </div>
  </div>
  <div
    class="ikProjectCard__container fadeIn-enter fadeIn-enter-active"
    data-testid="portfolio-project-card"
  >
    <div
      class="ikProjectCard__heading"
    >
      <div
        class="ikProjectCard__heading__tags"
      />
      <div
        class="ikProjectCard__heading__links"
      >
        <a
          data-testid="project-card-github"
          href="https://github.com"
          rel="noopener noreferrer"
          target="_blank"
        >
          <i
            class="fab fa-github"
          />
        </a>
      </div>
    </div>
    <div
      class="ikProjectCard__title__div"
    >
      <h2
        class="ikProjectCard__title"
        data-testid="project-card-title"
      >
        title7
      </h2>
    </div>
    <div
      class="ikProjectCard__image"
    >
      <img
        alt=""
        data-testid="project-card-image"
        src="images/image.png"
      />
    </div>
    <div
      class="ikProjectCard__excerpt"
      data-testid="project-card-excerpt"
    >
      <p>
        some excerpt
      </p>
    </div>
    <div>
      <button
        class="ikProjectCard__learnMore"
        data-testid="project-card-learn-more"
        id="title7"
      >
         
        Learn more
      </button>
    </div>
  </div>
  <div
    class="ikProjectCard__container fadeIn-enter fadeIn-enter-active"
    data-testid="portfolio-project-card"
  >
    <div
      class="ikProjectCard__heading"
    >
      <div
        class="ikProjectCard__heading__tags"
      />
      <div
        class="ikProjectCard__heading__links"
      >
        <a
          data-testid="project-card-github"
          href="https://github.com"
          rel="noopener noreferrer"
          target="_blank"
        >
          <i
            class="fab fa-github"
          />
        </a>
      </div>
    </div>
    <div
      class="ikProjectCard__title__div"
    >
      <h2
        class="ikProjectCard__title"
        data-testid="project-card-title"
      >
        title8
      </h2>
    </div>
    <div
      class="ikProjectCard__image"
    >
      <img
        alt=""
        data-testid="project-card-image"
        src="images/image.png"
      />
    </div>
    <div
      class="ikProjectCard__excerpt"
      data-testid="project-card-excerpt"
    >
      <p>
        some excerpt
      </p>
    </div>
    <div>
      <button
        class="ikProjectCard__learnMore"
        data-testid="project-card-learn-more"
        id="title8"
      >
         
        Learn more
      </button>
    </div>
  </div>
  <div
    class="ikProjectCard__container fadeIn-enter fadeIn-enter-active"
    data-testid="portfolio-project-card"
  >
    <div
      class="ikProjectCard__heading"
    >
      <div
        class="ikProjectCard__heading__tags"
      />
      <div
        class="ikProjectCard__heading__links"
      >
        <a
          data-testid="project-card-github"
          href="https://github.com"
          rel="noopener noreferrer"
          target="_blank"
        >
          <i
            class="fab fa-github"
          />
        </a>
      </div>
    </div>
    <div
      class="ikProjectCard__title__div"
    >
      <h2
        class="ikProjectCard__title"
        data-testid="project-card-title"
      >
        title9
      </h2>
    </div>
    <div
      class="ikProjectCard__image"
    >
      <img
        alt=""
        data-testid="project-card-image"
        src="images/image.png"
      />
    </div>
    <div
      class="ikProjectCard__excerpt"
      data-testid="project-card-excerpt"
    >
      <p>
        some excerpt
      </p>
    </div>
    <div>
      <button
        class="ikProjectCard__learnMore"
        data-testid="project-card-learn-more"
        id="title9"
      >
         
        Learn more
      </button>
    </div>
  </div>
</section>
`;
